MPLINK 5.08, LINKER
Linker Map File - Created Tue Feb 02 15:34:41 2021

                                 Section Info
                  Section       Type    Address   Location Size(Bytes)
                ---------  ---------  ---------  ---------  ---------
                 RES_VECT       code   0x000000    program   0x000004
                   .cinit    romdata   0x000004    program   0x000002
                MAIN_PROG       code   0x000006    program   0x00007e
.config_300005_BUILD/DEFAULT/DEBUG/LEDSHIFTER.O    romdata   0x300005    program   0x000001



                              Program Memory Usage 
                               Start         End      
                           ---------   ---------      
                            0x000000    0x000083      
                            0x300005    0x300005      
            133 out of 33048 program addresses used, program memory utilization is 0%



                              Symbols - Sorted by Name
                     Name    Address   Location    Storage File                     
                ---------  ---------  ---------  --------- ---------                
                 Delay500   0x000076    program     static C:\Users\lucas\MPLABXProjects\LedShifter.X\LedShifter.asm
                   DelayW   0x000060    program     static C:\Users\lucas\MPLABXProjects\LedShifter.X\LedShifter.asm
               Initialize   0x000056    program     static C:\Users\lucas\MPLABXProjects\LedShifter.X\LedShifter.asm
                     Loop   0x00000a    program     static C:\Users\lucas\MPLABXProjects\LedShifter.X\LedShifter.asm
                    START   0x000006    program     static C:\Users\lucas\MPLABXProjects\LedShifter.X\LedShifter.asm
                 StepDown   0x00004e    program     static C:\Users\lucas\MPLABXProjects\LedShifter.X\LedShifter.asm
                   StepUp   0x000046    program     static C:\Users\lucas\MPLABXProjects\LedShifter.X\LedShifter.asm
                    dlyw0   0x000064    program     static C:\Users\lucas\MPLABXProjects\LedShifter.X\LedShifter.asm
                    dlyw1   0x000062    program     static C:\Users\lucas\MPLABXProjects\LedShifter.X\LedShifter.asm



                              Symbols - Sorted by Address
                     Name    Address   Location    Storage File                     
                ---------  ---------  ---------  --------- ---------                
                    START   0x000006    program     static C:\Users\lucas\MPLABXProjects\LedShifter.X\LedShifter.asm
                     Loop   0x00000a    program     static C:\Users\lucas\MPLABXProjects\LedShifter.X\LedShifter.asm
                   StepUp   0x000046    program     static C:\Users\lucas\MPLABXProjects\LedShifter.X\LedShifter.asm
                 StepDown   0x00004e    program     static C:\Users\lucas\MPLABXProjects\LedShifter.X\LedShifter.asm
               Initialize   0x000056    program     static C:\Users\lucas\MPLABXProjects\LedShifter.X\LedShifter.asm
                   DelayW   0x000060    program     static C:\Users\lucas\MPLABXProjects\LedShifter.X\LedShifter.asm
                    dlyw1   0x000062    program     static C:\Users\lucas\MPLABXProjects\LedShifter.X\LedShifter.asm
                    dlyw0   0x000064    program     static C:\Users\lucas\MPLABXProjects\LedShifter.X\LedShifter.asm
                 Delay500   0x000076    program     static C:\Users\lucas\MPLABXProjects\LedShifter.X\LedShifter.asm


