MPLINK 5.08, LINKER
Linker Map File - Created Tue Feb 02 12:52:42 2021

                                 Section Info
                  Section       Type    Address   Location Size(Bytes)
                ---------  ---------  ---------  ---------  ---------
                 RES_VECT       code   0x000000    program   0x000002
                   .cinit    romdata   0x000001    program   0x000004
                MAIN_PROG       code   0x000003    program   0x00003e
.config_2007_BUILD/DEFAULT/DEBUG/HELLOWORLD.O       code   0x002007    program   0x000002



                              Program Memory Usage 
                               Start         End      
                           ---------   ---------      
                            0x000000    0x000021      
                            0x002007    0x002007      
            35 out of 8454 program addresses used, program memory utilization is 0%



                              Symbols - Sorted by Name
                     Name    Address   Location    Storage File                     
                ---------  ---------  ---------  --------- ---------                
                 Delay900   0x000019    program     static C:\Users\lucas\MPLABXProjects\HelloWorld.X\HelloWorld.asm
                   DelayW   0x000010    program     static C:\Users\lucas\MPLABXProjects\HelloWorld.X\HelloWorld.asm
                     Init   0x00000a    program     static C:\Users\lucas\MPLABXProjects\HelloWorld.X\HelloWorld.asm
                     Loop   0x000004    program     static C:\Users\lucas\MPLABXProjects\HelloWorld.X\HelloWorld.asm
                    START   0x000003    program     static C:\Users\lucas\MPLABXProjects\HelloWorld.X\HelloWorld.asm
                    dlyw0   0x000012    program     static C:\Users\lucas\MPLABXProjects\HelloWorld.X\HelloWorld.asm
                    dlyw1   0x000011    program     static C:\Users\lucas\MPLABXProjects\HelloWorld.X\HelloWorld.asm



                              Symbols - Sorted by Address
                     Name    Address   Location    Storage File                     
                ---------  ---------  ---------  --------- ---------                
                    START   0x000003    program     static C:\Users\lucas\MPLABXProjects\HelloWorld.X\HelloWorld.asm
                     Loop   0x000004    program     static C:\Users\lucas\MPLABXProjects\HelloWorld.X\HelloWorld.asm
                     Init   0x00000a    program     static C:\Users\lucas\MPLABXProjects\HelloWorld.X\HelloWorld.asm
                   DelayW   0x000010    program     static C:\Users\lucas\MPLABXProjects\HelloWorld.X\HelloWorld.asm
                    dlyw1   0x000011    program     static C:\Users\lucas\MPLABXProjects\HelloWorld.X\HelloWorld.asm
                    dlyw0   0x000012    program     static C:\Users\lucas\MPLABXProjects\HelloWorld.X\HelloWorld.asm
                 Delay900   0x000019    program     static C:\Users\lucas\MPLABXProjects\HelloWorld.X\HelloWorld.asm


