MPLINK 5.08, LINKER
Linker Map File - Created Wed Feb 03 09:42:46 2021

                                 Section Info
                  Section       Type    Address   Location Size(Bytes)
                ---------  ---------  ---------  ---------  ---------
                 RES_VECT       code   0x000000    program   0x000004
                   .cinit    romdata   0x000004    program   0x000002
                MAIN_PROG       code   0x000006    program   0x000066
.config_300005_BUILD/DEFAULT/PRODUCTION/LEDSHIF    romdata   0x300005    program   0x000001



                              Program Memory Usage 
                               Start         End      
                           ---------   ---------      
                            0x000000    0x00006b      
                            0x300005    0x300005      
            109 out of 33048 program addresses used, program memory utilization is 0%



                              Symbols - Sorted by Name
                     Name    Address   Location    Storage File                     
                ---------  ---------  ---------  --------- ---------                
                 Delay500   0x00005e    program     static C:\Users\lucas\MPLABXProjects\LedShifter.X\LedShifter.asm
                   DelayW   0x000048    program     static C:\Users\lucas\MPLABXProjects\LedShifter.X\LedShifter.asm
               Initialize   0x00003a    program     static C:\Users\lucas\MPLABXProjects\LedShifter.X\LedShifter.asm
                     Loop   0x00000a    program     static C:\Users\lucas\MPLABXProjects\LedShifter.X\LedShifter.asm
                    START   0x000006    program     static C:\Users\lucas\MPLABXProjects\LedShifter.X\LedShifter.asm
                 StepDown   0x000032    program     static C:\Users\lucas\MPLABXProjects\LedShifter.X\LedShifter.asm
                   StepUp   0x00002a    program     static C:\Users\lucas\MPLABXProjects\LedShifter.X\LedShifter.asm
                    dlyw0   0x00004c    program     static C:\Users\lucas\MPLABXProjects\LedShifter.X\LedShifter.asm
                    dlyw1   0x00004a    program     static C:\Users\lucas\MPLABXProjects\LedShifter.X\LedShifter.asm



                              Symbols - Sorted by Address
                     Name    Address   Location    Storage File                     
                ---------  ---------  ---------  --------- ---------                
                    START   0x000006    program     static C:\Users\lucas\MPLABXProjects\LedShifter.X\LedShifter.asm
                     Loop   0x00000a    program     static C:\Users\lucas\MPLABXProjects\LedShifter.X\LedShifter.asm
                   StepUp   0x00002a    program     static C:\Users\lucas\MPLABXProjects\LedShifter.X\LedShifter.asm
                 StepDown   0x000032    program     static C:\Users\lucas\MPLABXProjects\LedShifter.X\LedShifter.asm
               Initialize   0x00003a    program     static C:\Users\lucas\MPLABXProjects\LedShifter.X\LedShifter.asm
                   DelayW   0x000048    program     static C:\Users\lucas\MPLABXProjects\LedShifter.X\LedShifter.asm
                    dlyw1   0x00004a    program     static C:\Users\lucas\MPLABXProjects\LedShifter.X\LedShifter.asm
                    dlyw0   0x00004c    program     static C:\Users\lucas\MPLABXProjects\LedShifter.X\LedShifter.asm
                 Delay500   0x00005e    program     static C:\Users\lucas\MPLABXProjects\LedShifter.X\LedShifter.asm


